---
source: mbtiles/tests/copy.rs
expression: actual_value
---
- type: table
  tbl_name: images
  sql: "CREATE TABLE images (\n             tile_id text NOT NULL PRIMARY KEY,\n             tile_data blob)"
  values: []
- type: table
  tbl_name: map
  sql: "CREATE TABLE map (\n             zoom_level integer NOT NULL,\n             tile_column integer NOT NULL,\n             tile_row integer NOT NULL,\n             tile_id text,\n             PRIMARY KEY(zoom_level, tile_column, tile_row))"
  values: []
- type: table
  tbl_name: metadata
  sql: "CREATE TABLE metadata (\n             name text NOT NULL PRIMARY KEY,\n             value text)"
  values: []
- type: index
  tbl_name: images
  sql: ~
  values: ~
- type: index
  tbl_name: map
  sql: ~
  values: ~
- type: index
  tbl_name: metadata
  sql: ~
  values: ~
- type: view
  tbl_name: tiles
  sql: "CREATE VIEW tiles AS\n             SELECT map.zoom_level AS zoom_level,\n                    map.tile_column AS tile_column,\n                    map.tile_row AS tile_row,\n                    images.tile_data AS tile_data\n             FROM map\n             JOIN images ON images.tile_id = map.tile_id"
  values: ~
- type: view
  tbl_name: tiles_with_hash
  sql: "CREATE VIEW tiles_with_hash AS\n             SELECT\n                 map.zoom_level AS zoom_level,\n                 map.tile_column AS tile_column,\n                 map.tile_row AS tile_row,\n                 images.tile_data AS tile_data,\n                 images.tile_id AS tile_hash\n             FROM map\n             JOIN images ON images.tile_id = map.tile_id"
  values: ~
