---
source: martin/src/config/file/process.rs
expression: "render_failure(indoc! {\"\\n        convert-to-mlt: 42\\n    \"})"
---
  × invalid type: integer `42`, expected a string ("auto", "default",
  │ "disabled", "false", "off", "no"), a boolean, or a map of settings
   ╭─[config.yaml:1:1]
 1 │ convert-to-mlt: 42
   · ───────┬──────
   ·        ╰── invalid type: integer `42`, expected a string ("auto", "default", "disabled", "false", "off", "no"), a boolean, or a map of settings
   ╰────
