---
source: martin/src/config/file/process.rs
expression: "render_failure(indoc! {\"\\n        convert-to-mlt: atuo\\n    \"})"
---
  × invalid value: string "atuo", expected a string ("auto", "default",
  │ "disabled", "false", "off", "no"), a boolean, or a map of settings
   ╭─[config.yaml:1:1]
 1 │ convert-to-mlt: atuo
   · ───────┬──────
   ·        ╰── invalid value: string "atuo", expected a string ("auto", "default", "disabled", "false", "off", "no"), a boolean, or a map of settings
   ╰────
