---
source: martin/tests/config_diagnostics.rs
expression: render_failure(yaml)
---
  × invalid type: integer `42`, expected either a boolean (`cors: true` /
  │ `cors: false`) or a properties map with at least an `origin` list
   ╭─[config.yaml:1:1]
 1 │ cors: 42
   · ──┬─
   ·   ╰── invalid type: integer `42`, expected either a boolean (`cors: true` / `cors: false`) or a properties map with at least an `origin` list
   ╰────
