---
source: martin/tests/config_diagnostics.rs
expression: render_failure(yaml)
---
  × invalid indentation in multiline quoted scalar
   ╭─[config.yaml:3:3]
 2 │   listen_addresses: "0.0.0.0:3000
 3 │   worker_processes: 4
   ·   ┬
   ·   ╰── invalid indentation in multiline quoted scalar
   ╰────
