---
source: martin/tests/config_diagnostics.rs
expression: render_failure(yaml)
---
  × invalid type: integer `5`, expected a path string or a configuration map
  │ with a `path` field
   ╭─[config.yaml:3:5]
 2 │   sources:
 3 │     foo: 5
   ·     ─┬─
   ·      ╰── invalid type: integer `5`, expected a path string or a configuration map with a `path` field
   ╰────
