---
source: martin/tests/config_diagnostics.rs
expression: render_failure(yaml)
---
  × unknown variant `maybe`, expected one of continue, ignore, warn, warning,
  │ warnings, abort
   ╭─[config.yaml:1:13]
 1 │ on_invalid: maybe
   ·             ──┬──
   ·               ╰── unknown variant `maybe`, expected one of continue, ignore, warn, warning, warnings, abort
   ╰────
