// Jest Snapshot v1, https://jestjs.io/docs/snapshot-testing

exports[`SpriteDownloadDialog Component renders correctly 1`] = `
<div>
  <script
    nonce=""
  >
    ((e,s,n,l,o,d,u,h)=&gt;{let m=document.documentElement,w=["light","dark"];function p(r){(Array.isArray(e)?e:[e]).forEach(y=&gt;{let k=y==="class",S=k&&d?o.map(f=&gt;d[f]||f):o;k?(m.classList.remove(...S),m.classList.add(d&&d[r]?d[r]:r)):m.setAttribute(y,r)}),C(r)}function C(r){h&&w.includes(r)&&(m.style.colorScheme=r)}function a(){return window.matchMedia("(prefers-color-scheme: dark)").matches?"dark":"light"}if(l)p(l);else try{let r=localStorage.getItem(s)||n,y=u&&r==="system"?a():r;p(y)}catch(r){}})("class","theme","light",null,["light","dark"],null,true,true)
  </script>
</div>
`;
