// Jest Snapshot v1, https://jestjs.io/docs/snapshot-testing

exports[`CatalogSkeleton Component renders correctly with default item count 1`] = `
<div>
  <script
    nonce=""
  >
    ((e,s,n,l,o,d,u,h)=&gt;{let m=document.documentElement,w=["light","dark"];function p(r){(Array.isArray(e)?e:[e]).forEach(y=&gt;{let k=y==="class",S=k&&d?o.map(f=&gt;d[f]||f):o;k?(m.classList.remove(...S),m.classList.add(d&&d[r]?d[r]:r)):m.setAttribute(y,r)}),C(r)}function C(r){h&&w.includes(r)&&(m.style.colorScheme=r)}function a(){return window.matchMedia("(prefers-color-scheme: dark)").matches?"dark":"light"}if(l)p(l);else try{let r=localStorage.getItem(s)||n,y=u&&r==="system"?a():r;p(y)}catch(r){}})("class","theme","light",null,["light","dark"],null,true,true)
  </script>
  <div
    class="space-y-6"
  >
    <div
      class="flex items-center justify-between"
    >
      <div>
        <h2
          class="text-2xl font-bold text-foreground"
        >
          Test Catalog
        </h2>
        <p
          class="text-muted-foreground"
        >
          Test description
        </p>
      </div>
      <div
        class="animate-pulse rounded-md bg-muted h-10 w-64"
      />
    </div>
    <div
      class="grid grid-cols-1 md:grid-cols-2 lg:grid-cols-3 gap-6"
    >
      <div
        class="rounded-lg border bg-card text-card-foreground shadow-sm hover:shadow-lg transition-shadow"
      >
        <div
          class="flex flex-col space-y-1.5 p-6"
        >
          <div
            class="flex items-center justify-between"
          >
            <div
              class="flex items-center space-x-2"
            >
              <div
                class="animate-pulse rounded-md bg-muted h-5 w-5"
              />
              <div
                class="animate-pulse rounded-md bg-muted h-6 w-32"
              />
            </div>
            <div
              class="animate-pulse rounded-md bg-muted h-6 w-16"
            />
          </div>
          <div
            class="animate-pulse rounded-md bg-muted h-4 w-full"
          />
        </div>
        <div
          class="p-6 pt-0"
        >
          <div
            class="space-y-4"
          >
            <div
              class="animate-pulse rounded-md bg-muted h-24 w-full"
            />
            <div
              class="space-y-2"
            >
              <div
                class="flex justify-between"
              >
                <div
                  class="animate-pulse rounded-md bg-muted h-4 w-16"
                />
                <div
                  class="animate-pulse rounded-md bg-muted h-4 w-12"
                />
              </div>
              <div
                class="flex justify-between"
              >
                <div
                  class="animate-pulse rounded-md bg-muted h-4 w-16"
                />
                <div
                  class="animate-pulse rounded-md bg-muted h-4 w-20"
                />
              </div>
              <div
                class="flex justify-between"
              >
                <div
                  class="animate-pulse rounded-md bg-muted h-4 w-16"
                />
                <div
                  class="animate-pulse rounded-md bg-muted h-4 w-16"
                />
              </div>
            </div>
            <div
              class="flex space-x-2"
            >
              <div
                class="animate-pulse rounded-md bg-muted h-8 flex-1"
              />
              <div
                class="animate-pulse rounded-md bg-muted h-8 flex-1"
              />
            </div>
          </div>
        </div>
      </div>
      <div
        class="rounded-lg border bg-card text-card-foreground shadow-sm hover:shadow-lg transition-shadow"
      >
        <div
          class="flex flex-col space-y-1.5 p-6"
        >
          <div
            class="flex items-center justify-between"
          >
            <div
              class="flex items-center space-x-2"
            >
              <div
                class="animate-pulse rounded-md bg-muted h-5 w-5"
              />
              <div
                class="animate-pulse rounded-md bg-muted h-6 w-32"
              />
            </div>
            <div
              class="animate-pulse rounded-md bg-muted h-6 w-16"
            />
          </div>
          <div
            class="animate-pulse rounded-md bg-muted h-4 w-full"
          />
        </div>
        <div
          class="p-6 pt-0"
        >
          <div
            class="space-y-4"
          >
            <div
              class="animate-pulse rounded-md bg-muted h-24 w-full"
            />
            <div
              class="space-y-2"
            >
              <div
                class="flex justify-between"
              >
                <div
                  class="animate-pulse rounded-md bg-muted h-4 w-16"
                />
                <div
                  class="animate-pulse rounded-md bg-muted h-4 w-12"
                />
              </div>
              <div
                class="flex justify-between"
              >
                <div
                  class="animate-pulse rounded-md bg-muted h-4 w-16"
                />
                <div
                  class="animate-pulse rounded-md bg-muted h-4 w-20"
                />
              </div>
              <div
                class="flex justify-between"
              >
                <div
                  class="animate-pulse rounded-md bg-muted h-4 w-16"
                />
                <div
                  class="animate-pulse rounded-md bg-muted h-4 w-16"
                />
              </div>
            </div>
            <div
              class="flex space-x-2"
            >
              <div
                class="animate-pulse rounded-md bg-muted h-8 flex-1"
              />
              <div
                class="animate-pulse rounded-md bg-muted h-8 flex-1"
              />
            </div>
          </div>
        </div>
      </div>
      <div
        class="rounded-lg border bg-card text-card-foreground shadow-sm hover:shadow-lg transition-shadow"
      >
        <div
          class="flex flex-col space-y-1.5 p-6"
        >
          <div
            class="flex items-center justify-between"
          >
            <div
              class="flex items-center space-x-2"
            >
              <div
                class="animate-pulse rounded-md bg-muted h-5 w-5"
              />
              <div
                class="animate-pulse rounded-md bg-muted h-6 w-32"
              />
            </div>
            <div
              class="animate-pulse rounded-md bg-muted h-6 w-16"
            />
          </div>
          <div
            class="animate-pulse rounded-md bg-muted h-4 w-full"
          />
        </div>
        <div
          class="p-6 pt-0"
        >
          <div
            class="space-y-4"
          >
            <div
              class="animate-pulse rounded-md bg-muted h-24 w-full"
            />
            <div
              class="space-y-2"
            >
              <div
                class="flex justify-between"
              >
                <div
                  class="animate-pulse rounded-md bg-muted h-4 w-16"
                />
                <div
                  class="animate-pulse rounded-md bg-muted h-4 w-12"
                />
              </div>
              <div
                class="flex justify-between"
              >
                <div
                  class="animate-pulse rounded-md bg-muted h-4 w-16"
                />
                <div
                  class="animate-pulse rounded-md bg-muted h-4 w-20"
                />
              </div>
              <div
                class="flex justify-between"
              >
                <div
                  class="animate-pulse rounded-md bg-muted h-4 w-16"
                />
                <div
                  class="animate-pulse rounded-md bg-muted h-4 w-16"
                />
              </div>
            </div>
            <div
              class="flex space-x-2"
            >
              <div
                class="animate-pulse rounded-md bg-muted h-8 flex-1"
              />
              <div
                class="animate-pulse rounded-md bg-muted h-8 flex-1"
              />
            </div>
          </div>
        </div>
      </div>
      <div
        class="rounded-lg border bg-card text-card-foreground shadow-sm hover:shadow-lg transition-shadow"
      >
        <div
          class="flex flex-col space-y-1.5 p-6"
        >
          <div
            class="flex items-center justify-between"
          >
            <div
              class="flex items-center space-x-2"
            >
              <div
                class="animate-pulse rounded-md bg-muted h-5 w-5"
              />
              <div
                class="animate-pulse rounded-md bg-muted h-6 w-32"
              />
            </div>
            <div
              class="animate-pulse rounded-md bg-muted h-6 w-16"
            />
          </div>
          <div
            class="animate-pulse rounded-md bg-muted h-4 w-full"
          />
        </div>
        <div
          class="p-6 pt-0"
        >
          <div
            class="space-y-4"
          >
            <div
              class="animate-pulse rounded-md bg-muted h-24 w-full"
            />
            <div
              class="space-y-2"
            >
              <div
                class="flex justify-between"
              >
                <div
                  class="animate-pulse rounded-md bg-muted h-4 w-16"
                />
                <div
                  class="animate-pulse rounded-md bg-muted h-4 w-12"
                />
              </div>
              <div
                class="flex justify-between"
              >
                <div
                  class="animate-pulse rounded-md bg-muted h-4 w-16"
                />
                <div
                  class="animate-pulse rounded-md bg-muted h-4 w-20"
                />
              </div>
              <div
                class="flex justify-between"
              >
                <div
                  class="animate-pulse rounded-md bg-muted h-4 w-16"
                />
                <div
                  class="animate-pulse rounded-md bg-muted h-4 w-16"
                />
              </div>
            </div>
            <div
              class="flex space-x-2"
            >
              <div
                class="animate-pulse rounded-md bg-muted h-8 flex-1"
              />
              <div
                class="animate-pulse rounded-md bg-muted h-8 flex-1"
              />
            </div>
          </div>
        </div>
      </div>
      <div
        class="rounded-lg border bg-card text-card-foreground shadow-sm hover:shadow-lg transition-shadow"
      >
        <div
          class="flex flex-col space-y-1.5 p-6"
        >
          <div
            class="flex items-center justify-between"
          >
            <div
              class="flex items-center space-x-2"
            >
              <div
                class="animate-pulse rounded-md bg-muted h-5 w-5"
              />
              <div
                class="animate-pulse rounded-md bg-muted h-6 w-32"
              />
            </div>
            <div
              class="animate-pulse rounded-md bg-muted h-6 w-16"
            />
          </div>
          <div
            class="animate-pulse rounded-md bg-muted h-4 w-full"
          />
        </div>
        <div
          class="p-6 pt-0"
        >
          <div
            class="space-y-4"
          >
            <div
              class="animate-pulse rounded-md bg-muted h-24 w-full"
            />
            <div
              class="space-y-2"
            >
              <div
                class="flex justify-between"
              >
                <div
                  class="animate-pulse rounded-md bg-muted h-4 w-16"
                />
                <div
                  class="animate-pulse rounded-md bg-muted h-4 w-12"
                />
              </div>
              <div
                class="flex justify-between"
              >
                <div
                  class="animate-pulse rounded-md bg-muted h-4 w-16"
                />
                <div
                  class="animate-pulse rounded-md bg-muted h-4 w-20"
                />
              </div>
              <div
                class="flex justify-between"
              >
                <div
                  class="animate-pulse rounded-md bg-muted h-4 w-16"
                />
                <div
                  class="animate-pulse rounded-md bg-muted h-4 w-16"
                />
              </div>
            </div>
            <div
              class="flex space-x-2"
            >
              <div
                class="animate-pulse rounded-md bg-muted h-8 flex-1"
              />
              <div
                class="animate-pulse rounded-md bg-muted h-8 flex-1"
              />
            </div>
          </div>
        </div>
      </div>
      <div
        class="rounded-lg border bg-card text-card-foreground shadow-sm hover:shadow-lg transition-shadow"
      >
        <div
          class="flex flex-col space-y-1.5 p-6"
        >
          <div
            class="flex items-center justify-between"
          >
            <div
              class="flex items-center space-x-2"
            >
              <div
                class="animate-pulse rounded-md bg-muted h-5 w-5"
              />
              <div
                class="animate-pulse rounded-md bg-muted h-6 w-32"
              />
            </div>
            <div
              class="animate-pulse rounded-md bg-muted h-6 w-16"
            />
          </div>
          <div
            class="animate-pulse rounded-md bg-muted h-4 w-full"
          />
        </div>
        <div
          class="p-6 pt-0"
        >
          <div
            class="space-y-4"
          >
            <div
              class="animate-pulse rounded-md bg-muted h-24 w-full"
            />
            <div
              class="space-y-2"
            >
              <div
                class="flex justify-between"
              >
                <div
                  class="animate-pulse rounded-md bg-muted h-4 w-16"
                />
                <div
                  class="animate-pulse rounded-md bg-muted h-4 w-12"
                />
              </div>
              <div
                class="flex justify-between"
              >
                <div
                  class="animate-pulse rounded-md bg-muted h-4 w-16"
                />
                <div
                  class="animate-pulse rounded-md bg-muted h-4 w-20"
                />
              </div>
              <div
                class="flex justify-between"
              >
                <div
                  class="animate-pulse rounded-md bg-muted h-4 w-16"
                />
                <div
                  class="animate-pulse rounded-md bg-muted h-4 w-16"
                />
              </div>
            </div>
            <div
              class="flex space-x-2"
            >
              <div
                class="animate-pulse rounded-md bg-muted h-8 flex-1"
              />
              <div
                class="animate-pulse rounded-md bg-muted h-8 flex-1"
              />
            </div>
          </div>
        </div>
      </div>
    </div>
  </div>
</div>
`;

exports[`CatalogSkeleton Component renders with custom item count 1`] = `
<div>
  <script
    nonce=""
  >
    ((e,s,n,l,o,d,u,h)=&gt;{let m=document.documentElement,w=["light","dark"];function p(r){(Array.isArray(e)?e:[e]).forEach(y=&gt;{let k=y==="class",S=k&&d?o.map(f=&gt;d[f]||f):o;k?(m.classList.remove(...S),m.classList.add(d&&d[r]?d[r]:r)):m.setAttribute(y,r)}),C(r)}function C(r){h&&w.includes(r)&&(m.style.colorScheme=r)}function a(){return window.matchMedia("(prefers-color-scheme: dark)").matches?"dark":"light"}if(l)p(l);else try{let r=localStorage.getItem(s)||n,y=u&&r==="system"?a():r;p(y)}catch(r){}})("class","theme","light",null,["light","dark"],null,true,true)
  </script>
  <div
    class="space-y-6"
  >
    <div
      class="flex items-center justify-between"
    >
      <div>
        <h2
          class="text-2xl font-bold text-foreground"
        >
          Custom Count Catalog
        </h2>
        <p
          class="text-muted-foreground"
        >
          Custom item count
        </p>
      </div>
      <div
        class="animate-pulse rounded-md bg-muted h-10 w-64"
      />
    </div>
    <div
      class="grid grid-cols-1 md:grid-cols-2 lg:grid-cols-3 gap-6"
    >
      <div
        class="rounded-lg border bg-card text-card-foreground shadow-sm hover:shadow-lg transition-shadow"
      >
        <div
          class="flex flex-col space-y-1.5 p-6"
        >
          <div
            class="flex items-center justify-between"
          >
            <div
              class="flex items-center space-x-2"
            >
              <div
                class="animate-pulse rounded-md bg-muted h-5 w-5"
              />
              <div
                class="animate-pulse rounded-md bg-muted h-6 w-32"
              />
            </div>
            <div
              class="animate-pulse rounded-md bg-muted h-6 w-16"
            />
          </div>
          <div
            class="animate-pulse rounded-md bg-muted h-4 w-full"
          />
        </div>
        <div
          class="p-6 pt-0"
        >
          <div
            class="space-y-4"
          >
            <div
              class="animate-pulse rounded-md bg-muted h-24 w-full"
            />
            <div
              class="space-y-2"
            >
              <div
                class="flex justify-between"
              >
                <div
                  class="animate-pulse rounded-md bg-muted h-4 w-16"
                />
                <div
                  class="animate-pulse rounded-md bg-muted h-4 w-12"
                />
              </div>
              <div
                class="flex justify-between"
              >
                <div
                  class="animate-pulse rounded-md bg-muted h-4 w-16"
                />
                <div
                  class="animate-pulse rounded-md bg-muted h-4 w-20"
                />
              </div>
              <div
                class="flex justify-between"
              >
                <div
                  class="animate-pulse rounded-md bg-muted h-4 w-16"
                />
                <div
                  class="animate-pulse rounded-md bg-muted h-4 w-16"
                />
              </div>
            </div>
            <div
              class="flex space-x-2"
            >
              <div
                class="animate-pulse rounded-md bg-muted h-8 flex-1"
              />
              <div
                class="animate-pulse rounded-md bg-muted h-8 flex-1"
              />
            </div>
          </div>
        </div>
      </div>
      <div
        class="rounded-lg border bg-card text-card-foreground shadow-sm hover:shadow-lg transition-shadow"
      >
        <div
          class="flex flex-col space-y-1.5 p-6"
        >
          <div
            class="flex items-center justify-between"
          >
            <div
              class="flex items-center space-x-2"
            >
              <div
                class="animate-pulse rounded-md bg-muted h-5 w-5"
              />
              <div
                class="animate-pulse rounded-md bg-muted h-6 w-32"
              />
            </div>
            <div
              class="animate-pulse rounded-md bg-muted h-6 w-16"
            />
          </div>
          <div
            class="animate-pulse rounded-md bg-muted h-4 w-full"
          />
        </div>
        <div
          class="p-6 pt-0"
        >
          <div
            class="space-y-4"
          >
            <div
              class="animate-pulse rounded-md bg-muted h-24 w-full"
            />
            <div
              class="space-y-2"
            >
              <div
                class="flex justify-between"
              >
                <div
                  class="animate-pulse rounded-md bg-muted h-4 w-16"
                />
                <div
                  class="animate-pulse rounded-md bg-muted h-4 w-12"
                />
              </div>
              <div
                class="flex justify-between"
              >
                <div
                  class="animate-pulse rounded-md bg-muted h-4 w-16"
                />
                <div
                  class="animate-pulse rounded-md bg-muted h-4 w-20"
                />
              </div>
              <div
                class="flex justify-between"
              >
                <div
                  class="animate-pulse rounded-md bg-muted h-4 w-16"
                />
                <div
                  class="animate-pulse rounded-md bg-muted h-4 w-16"
                />
              </div>
            </div>
            <div
              class="flex space-x-2"
            >
              <div
                class="animate-pulse rounded-md bg-muted h-8 flex-1"
              />
              <div
                class="animate-pulse rounded-md bg-muted h-8 flex-1"
              />
            </div>
          </div>
        </div>
      </div>
      <div
        class="rounded-lg border bg-card text-card-foreground shadow-sm hover:shadow-lg transition-shadow"
      >
        <div
          class="flex flex-col space-y-1.5 p-6"
        >
          <div
            class="flex items-center justify-between"
          >
            <div
              class="flex items-center space-x-2"
            >
              <div
                class="animate-pulse rounded-md bg-muted h-5 w-5"
              />
              <div
                class="animate-pulse rounded-md bg-muted h-6 w-32"
              />
            </div>
            <div
              class="animate-pulse rounded-md bg-muted h-6 w-16"
            />
          </div>
          <div
            class="animate-pulse rounded-md bg-muted h-4 w-full"
          />
        </div>
        <div
          class="p-6 pt-0"
        >
          <div
            class="space-y-4"
          >
            <div
              class="animate-pulse rounded-md bg-muted h-24 w-full"
            />
            <div
              class="space-y-2"
            >
              <div
                class="flex justify-between"
              >
                <div
                  class="animate-pulse rounded-md bg-muted h-4 w-16"
                />
                <div
                  class="animate-pulse rounded-md bg-muted h-4 w-12"
                />
              </div>
              <div
                class="flex justify-between"
              >
                <div
                  class="animate-pulse rounded-md bg-muted h-4 w-16"
                />
                <div
                  class="animate-pulse rounded-md bg-muted h-4 w-20"
                />
              </div>
              <div
                class="flex justify-between"
              >
                <div
                  class="animate-pulse rounded-md bg-muted h-4 w-16"
                />
                <div
                  class="animate-pulse rounded-md bg-muted h-4 w-16"
                />
              </div>
            </div>
            <div
              class="flex space-x-2"
            >
              <div
                class="animate-pulse rounded-md bg-muted h-8 flex-1"
              />
              <div
                class="animate-pulse rounded-md bg-muted h-8 flex-1"
              />
            </div>
          </div>
        </div>
      </div>
      <div
        class="rounded-lg border bg-card text-card-foreground shadow-sm hover:shadow-lg transition-shadow"
      >
        <div
          class="flex flex-col space-y-1.5 p-6"
        >
          <div
            class="flex items-center justify-between"
          >
            <div
              class="flex items-center space-x-2"
            >
              <div
                class="animate-pulse rounded-md bg-muted h-5 w-5"
              />
              <div
                class="animate-pulse rounded-md bg-muted h-6 w-32"
              />
            </div>
            <div
              class="animate-pulse rounded-md bg-muted h-6 w-16"
            />
          </div>
          <div
            class="animate-pulse rounded-md bg-muted h-4 w-full"
          />
        </div>
        <div
          class="p-6 pt-0"
        >
          <div
            class="space-y-4"
          >
            <div
              class="animate-pulse rounded-md bg-muted h-24 w-full"
            />
            <div
              class="space-y-2"
            >
              <div
                class="flex justify-between"
              >
                <div
                  class="animate-pulse rounded-md bg-muted h-4 w-16"
                />
                <div
                  class="animate-pulse rounded-md bg-muted h-4 w-12"
                />
              </div>
              <div
                class="flex justify-between"
              >
                <div
                  class="animate-pulse rounded-md bg-muted h-4 w-16"
                />
                <div
                  class="animate-pulse rounded-md bg-muted h-4 w-20"
                />
              </div>
              <div
                class="flex justify-between"
              >
                <div
                  class="animate-pulse rounded-md bg-muted h-4 w-16"
                />
                <div
                  class="animate-pulse rounded-md bg-muted h-4 w-16"
                />
              </div>
            </div>
            <div
              class="flex space-x-2"
            >
              <div
                class="animate-pulse rounded-md bg-muted h-8 flex-1"
              />
              <div
                class="animate-pulse rounded-md bg-muted h-8 flex-1"
              />
            </div>
          </div>
        </div>
      </div>
      <div
        class="rounded-lg border bg-card text-card-foreground shadow-sm hover:shadow-lg transition-shadow"
      >
        <div
          class="flex flex-col space-y-1.5 p-6"
        >
          <div
            class="flex items-center justify-between"
          >
            <div
              class="flex items-center space-x-2"
            >
              <div
                class="animate-pulse rounded-md bg-muted h-5 w-5"
              />
              <div
                class="animate-pulse rounded-md bg-muted h-6 w-32"
              />
            </div>
            <div
              class="animate-pulse rounded-md bg-muted h-6 w-16"
            />
          </div>
          <div
            class="animate-pulse rounded-md bg-muted h-4 w-full"
          />
        </div>
        <div
          class="p-6 pt-0"
        >
          <div
            class="space-y-4"
          >
            <div
              class="animate-pulse rounded-md bg-muted h-24 w-full"
            />
            <div
              class="space-y-2"
            >
              <div
                class="flex justify-between"
              >
                <div
                  class="animate-pulse rounded-md bg-muted h-4 w-16"
                />
                <div
                  class="animate-pulse rounded-md bg-muted h-4 w-12"
                />
              </div>
              <div
                class="flex justify-between"
              >
                <div
                  class="animate-pulse rounded-md bg-muted h-4 w-16"
                />
                <div
                  class="animate-pulse rounded-md bg-muted h-4 w-20"
                />
              </div>
              <div
                class="flex justify-between"
              >
                <div
                  class="animate-pulse rounded-md bg-muted h-4 w-16"
                />
                <div
                  class="animate-pulse rounded-md bg-muted h-4 w-16"
                />
              </div>
            </div>
            <div
              class="flex space-x-2"
            >
              <div
                class="animate-pulse rounded-md bg-muted h-8 flex-1"
              />
              <div
                class="animate-pulse rounded-md bg-muted h-8 flex-1"
              />
            </div>
          </div>
        </div>
      </div>
      <div
        class="rounded-lg border bg-card text-card-foreground shadow-sm hover:shadow-lg transition-shadow"
      >
        <div
          class="flex flex-col space-y-1.5 p-6"
        >
          <div
            class="flex items-center justify-between"
          >
            <div
              class="flex items-center space-x-2"
            >
              <div
                class="animate-pulse rounded-md bg-muted h-5 w-5"
              />
              <div
                class="animate-pulse rounded-md bg-muted h-6 w-32"
              />
            </div>
            <div
              class="animate-pulse rounded-md bg-muted h-6 w-16"
            />
          </div>
          <div
            class="animate-pulse rounded-md bg-muted h-4 w-full"
          />
        </div>
        <div
          class="p-6 pt-0"
        >
          <div
            class="space-y-4"
          >
            <div
              class="animate-pulse rounded-md bg-muted h-24 w-full"
            />
            <div
              class="space-y-2"
            >
              <div
                class="flex justify-between"
              >
                <div
                  class="animate-pulse rounded-md bg-muted h-4 w-16"
                />
                <div
                  class="animate-pulse rounded-md bg-muted h-4 w-12"
                />
              </div>
              <div
                class="flex justify-between"
              >
                <div
                  class="animate-pulse rounded-md bg-muted h-4 w-16"
                />
                <div
                  class="animate-pulse rounded-md bg-muted h-4 w-20"
                />
              </div>
              <div
                class="flex justify-between"
              >
                <div
                  class="animate-pulse rounded-md bg-muted h-4 w-16"
                />
                <div
                  class="animate-pulse rounded-md bg-muted h-4 w-16"
                />
              </div>
            </div>
            <div
              class="flex space-x-2"
            >
              <div
                class="animate-pulse rounded-md bg-muted h-8 flex-1"
              />
              <div
                class="animate-pulse rounded-md bg-muted h-8 flex-1"
              />
            </div>
          </div>
        </div>
      </div>
    </div>
  </div>
</div>
`;

exports[`CatalogSkeleton Component renders with large item count 1`] = `
<div>
  <script
    nonce=""
  >
    ((e,s,n,l,o,d,u,h)=&gt;{let m=document.documentElement,w=["light","dark"];function p(r){(Array.isArray(e)?e:[e]).forEach(y=&gt;{let k=y==="class",S=k&&d?o.map(f=&gt;d[f]||f):o;k?(m.classList.remove(...S),m.classList.add(d&&d[r]?d[r]:r)):m.setAttribute(y,r)}),C(r)}function C(r){h&&w.includes(r)&&(m.style.colorScheme=r)}function a(){return window.matchMedia("(prefers-color-scheme: dark)").matches?"dark":"light"}if(l)p(l);else try{let r=localStorage.getItem(s)||n,y=u&&r==="system"?a():r;p(y)}catch(r){}})("class","theme","light",null,["light","dark"],null,true,true)
  </script>
  <div
    class="space-y-6"
  >
    <div
      class="flex items-center justify-between"
    >
      <div>
        <h2
          class="text-2xl font-bold text-foreground"
        >
          Large Catalog
        </h2>
        <p
          class="text-muted-foreground"
        >
          Many items
        </p>
      </div>
      <div
        class="animate-pulse rounded-md bg-muted h-10 w-64"
      />
    </div>
    <div
      class="grid grid-cols-1 md:grid-cols-2 lg:grid-cols-3 gap-6"
    >
      <div
        class="rounded-lg border bg-card text-card-foreground shadow-sm hover:shadow-lg transition-shadow"
      >
        <div
          class="flex flex-col space-y-1.5 p-6"
        >
          <div
            class="flex items-center justify-between"
          >
            <div
              class="flex items-center space-x-2"
            >
              <div
                class="animate-pulse rounded-md bg-muted h-5 w-5"
              />
              <div
                class="animate-pulse rounded-md bg-muted h-6 w-32"
              />
            </div>
            <div
              class="animate-pulse rounded-md bg-muted h-6 w-16"
            />
          </div>
          <div
            class="animate-pulse rounded-md bg-muted h-4 w-full"
          />
        </div>
        <div
          class="p-6 pt-0"
        >
          <div
            class="space-y-4"
          >
            <div
              class="animate-pulse rounded-md bg-muted h-24 w-full"
            />
            <div
              class="space-y-2"
            >
              <div
                class="flex justify-between"
              >
                <div
                  class="animate-pulse rounded-md bg-muted h-4 w-16"
                />
                <div
                  class="animate-pulse rounded-md bg-muted h-4 w-12"
                />
              </div>
              <div
                class="flex justify-between"
              >
                <div
                  class="animate-pulse rounded-md bg-muted h-4 w-16"
                />
                <div
                  class="animate-pulse rounded-md bg-muted h-4 w-20"
                />
              </div>
              <div
                class="flex justify-between"
              >
                <div
                  class="animate-pulse rounded-md bg-muted h-4 w-16"
                />
                <div
                  class="animate-pulse rounded-md bg-muted h-4 w-16"
                />
              </div>
            </div>
            <div
              class="flex space-x-2"
            >
              <div
                class="animate-pulse rounded-md bg-muted h-8 flex-1"
              />
              <div
                class="animate-pulse rounded-md bg-muted h-8 flex-1"
              />
            </div>
          </div>
        </div>
      </div>
      <div
        class="rounded-lg border bg-card text-card-foreground shadow-sm hover:shadow-lg transition-shadow"
      >
        <div
          class="flex flex-col space-y-1.5 p-6"
        >
          <div
            class="flex items-center justify-between"
          >
            <div
              class="flex items-center space-x-2"
            >
              <div
                class="animate-pulse rounded-md bg-muted h-5 w-5"
              />
              <div
                class="animate-pulse rounded-md bg-muted h-6 w-32"
              />
            </div>
            <div
              class="animate-pulse rounded-md bg-muted h-6 w-16"
            />
          </div>
          <div
            class="animate-pulse rounded-md bg-muted h-4 w-full"
          />
        </div>
        <div
          class="p-6 pt-0"
        >
          <div
            class="space-y-4"
          >
            <div
              class="animate-pulse rounded-md bg-muted h-24 w-full"
            />
            <div
              class="space-y-2"
            >
              <div
                class="flex justify-between"
              >
                <div
                  class="animate-pulse rounded-md bg-muted h-4 w-16"
                />
                <div
                  class="animate-pulse rounded-md bg-muted h-4 w-12"
                />
              </div>
              <div
                class="flex justify-between"
              >
                <div
                  class="animate-pulse rounded-md bg-muted h-4 w-16"
                />
                <div
                  class="animate-pulse rounded-md bg-muted h-4 w-20"
                />
              </div>
              <div
                class="flex justify-between"
              >
                <div
                  class="animate-pulse rounded-md bg-muted h-4 w-16"
                />
                <div
                  class="animate-pulse rounded-md bg-muted h-4 w-16"
                />
              </div>
            </div>
            <div
              class="flex space-x-2"
            >
              <div
                class="animate-pulse rounded-md bg-muted h-8 flex-1"
              />
              <div
                class="animate-pulse rounded-md bg-muted h-8 flex-1"
              />
            </div>
          </div>
        </div>
      </div>
      <div
        class="rounded-lg border bg-card text-card-foreground shadow-sm hover:shadow-lg transition-shadow"
      >
        <div
          class="flex flex-col space-y-1.5 p-6"
        >
          <div
            class="flex items-center justify-between"
          >
            <div
              class="flex items-center space-x-2"
            >
              <div
                class="animate-pulse rounded-md bg-muted h-5 w-5"
              />
              <div
                class="animate-pulse rounded-md bg-muted h-6 w-32"
              />
            </div>
            <div
              class="animate-pulse rounded-md bg-muted h-6 w-16"
            />
          </div>
          <div
            class="animate-pulse rounded-md bg-muted h-4 w-full"
          />
        </div>
        <div
          class="p-6 pt-0"
        >
          <div
            class="space-y-4"
          >
            <div
              class="animate-pulse rounded-md bg-muted h-24 w-full"
            />
            <div
              class="space-y-2"
            >
              <div
                class="flex justify-between"
              >
                <div
                  class="animate-pulse rounded-md bg-muted h-4 w-16"
                />
                <div
                  class="animate-pulse rounded-md bg-muted h-4 w-12"
                />
              </div>
              <div
                class="flex justify-between"
              >
                <div
                  class="animate-pulse rounded-md bg-muted h-4 w-16"
                />
                <div
                  class="animate-pulse rounded-md bg-muted h-4 w-20"
                />
              </div>
              <div
                class="flex justify-between"
              >
                <div
                  class="animate-pulse rounded-md bg-muted h-4 w-16"
                />
                <div
                  class="animate-pulse rounded-md bg-muted h-4 w-16"
                />
              </div>
            </div>
            <div
              class="flex space-x-2"
            >
              <div
                class="animate-pulse rounded-md bg-muted h-8 flex-1"
              />
              <div
                class="animate-pulse rounded-md bg-muted h-8 flex-1"
              />
            </div>
          </div>
        </div>
      </div>
      <div
        class="rounded-lg border bg-card text-card-foreground shadow-sm hover:shadow-lg transition-shadow"
      >
        <div
          class="flex flex-col space-y-1.5 p-6"
        >
          <div
            class="flex items-center justify-between"
          >
            <div
              class="flex items-center space-x-2"
            >
              <div
                class="animate-pulse rounded-md bg-muted h-5 w-5"
              />
              <div
                class="animate-pulse rounded-md bg-muted h-6 w-32"
              />
            </div>
            <div
              class="animate-pulse rounded-md bg-muted h-6 w-16"
            />
          </div>
          <div
            class="animate-pulse rounded-md bg-muted h-4 w-full"
          />
        </div>
        <div
          class="p-6 pt-0"
        >
          <div
            class="space-y-4"
          >
            <div
              class="animate-pulse rounded-md bg-muted h-24 w-full"
            />
            <div
              class="space-y-2"
            >
              <div
                class="flex justify-between"
              >
                <div
                  class="animate-pulse rounded-md bg-muted h-4 w-16"
                />
                <div
                  class="animate-pulse rounded-md bg-muted h-4 w-12"
                />
              </div>
              <div
                class="flex justify-between"
              >
                <div
                  class="animate-pulse rounded-md bg-muted h-4 w-16"
                />
                <div
                  class="animate-pulse rounded-md bg-muted h-4 w-20"
                />
              </div>
              <div
                class="flex justify-between"
              >
                <div
                  class="animate-pulse rounded-md bg-muted h-4 w-16"
                />
                <div
                  class="animate-pulse rounded-md bg-muted h-4 w-16"
                />
              </div>
            </div>
            <div
              class="flex space-x-2"
            >
              <div
                class="animate-pulse rounded-md bg-muted h-8 flex-1"
              />
              <div
                class="animate-pulse rounded-md bg-muted h-8 flex-1"
              />
            </div>
          </div>
        </div>
      </div>
      <div
        class="rounded-lg border bg-card text-card-foreground shadow-sm hover:shadow-lg transition-shadow"
      >
        <div
          class="flex flex-col space-y-1.5 p-6"
        >
          <div
            class="flex items-center justify-between"
          >
            <div
              class="flex items-center space-x-2"
            >
              <div
                class="animate-pulse rounded-md bg-muted h-5 w-5"
              />
              <div
                class="animate-pulse rounded-md bg-muted h-6 w-32"
              />
            </div>
            <div
              class="animate-pulse rounded-md bg-muted h-6 w-16"
            />
          </div>
          <div
            class="animate-pulse rounded-md bg-muted h-4 w-full"
          />
        </div>
        <div
          class="p-6 pt-0"
        >
          <div
            class="space-y-4"
          >
            <div
              class="animate-pulse rounded-md bg-muted h-24 w-full"
            />
            <div
              class="space-y-2"
            >
              <div
                class="flex justify-between"
              >
                <div
                  class="animate-pulse rounded-md bg-muted h-4 w-16"
                />
                <div
                  class="animate-pulse rounded-md bg-muted h-4 w-12"
                />
              </div>
              <div
                class="flex justify-between"
              >
                <div
                  class="animate-pulse rounded-md bg-muted h-4 w-16"
                />
                <div
                  class="animate-pulse rounded-md bg-muted h-4 w-20"
                />
              </div>
              <div
                class="flex justify-between"
              >
                <div
                  class="animate-pulse rounded-md bg-muted h-4 w-16"
                />
                <div
                  class="animate-pulse rounded-md bg-muted h-4 w-16"
                />
              </div>
            </div>
            <div
              class="flex space-x-2"
            >
              <div
                class="animate-pulse rounded-md bg-muted h-8 flex-1"
              />
              <div
                class="animate-pulse rounded-md bg-muted h-8 flex-1"
              />
            </div>
          </div>
        </div>
      </div>
      <div
        class="rounded-lg border bg-card text-card-foreground shadow-sm hover:shadow-lg transition-shadow"
      >
        <div
          class="flex flex-col space-y-1.5 p-6"
        >
          <div
            class="flex items-center justify-between"
          >
            <div
              class="flex items-center space-x-2"
            >
              <div
                class="animate-pulse rounded-md bg-muted h-5 w-5"
              />
              <div
                class="animate-pulse rounded-md bg-muted h-6 w-32"
              />
            </div>
            <div
              class="animate-pulse rounded-md bg-muted h-6 w-16"
            />
          </div>
          <div
            class="animate-pulse rounded-md bg-muted h-4 w-full"
          />
        </div>
        <div
          class="p-6 pt-0"
        >
          <div
            class="space-y-4"
          >
            <div
              class="animate-pulse rounded-md bg-muted h-24 w-full"
            />
            <div
              class="space-y-2"
            >
              <div
                class="flex justify-between"
              >
                <div
                  class="animate-pulse rounded-md bg-muted h-4 w-16"
                />
                <div
                  class="animate-pulse rounded-md bg-muted h-4 w-12"
                />
              </div>
              <div
                class="flex justify-between"
              >
                <div
                  class="animate-pulse rounded-md bg-muted h-4 w-16"
                />
                <div
                  class="animate-pulse rounded-md bg-muted h-4 w-20"
                />
              </div>
              <div
                class="flex justify-between"
              >
                <div
                  class="animate-pulse rounded-md bg-muted h-4 w-16"
                />
                <div
                  class="animate-pulse rounded-md bg-muted h-4 w-16"
                />
              </div>
            </div>
            <div
              class="flex space-x-2"
            >
              <div
                class="animate-pulse rounded-md bg-muted h-8 flex-1"
              />
              <div
                class="animate-pulse rounded-md bg-muted h-8 flex-1"
              />
            </div>
          </div>
        </div>
      </div>
    </div>
  </div>
</div>
`;
