---
source: martin-mbtiles/tests/mbtiles.rs
expression: result
---
[[]]
type = 'table'
tbl_name = 'metadata'
sql = '''
CREATE TABLE metadata (
             name text NOT NULL PRIMARY KEY,
             value text)'''
values = [
    '(  "md-edit", "value - v2"  )',
    '(  "md-new", "value - new"  )',
    '(  "md-same", "value - same"  )',
]

[[]]
type = 'table'
tbl_name = 'tiles'
sql = '''
CREATE TABLE tiles (
             zoom_level integer NOT NULL,
             tile_column integer NOT NULL,
             tile_row integer NOT NULL,
             tile_data blob,
             PRIMARY KEY(zoom_level, tile_column, tile_row))'''
values = [
    '(  1, 0, 0, blob(same)  )',
    '(  1, 0, 1, blob(edit-v2)  )',
    '(  1, 1, 0, blob(new)  )',
]

[[]]
type = 'index'
tbl_name = 'metadata'

[[]]
type = 'index'
tbl_name = 'tiles'
