---
source: martin-mbtiles/tests/mbtiles.rs
expression: actual_value
---
[[]]
type = 'table'
tbl_name = 'metadata'
sql = '''
CREATE TABLE metadata (
             name text NOT NULL PRIMARY KEY,
             value text)'''
values = [
    '(  "agg_tiles_hash", "164703193C381226B1795E67C77CE35C"  )',
    '(  "md-edit", "value - v1"  )',
    '(  "md-remove", "value - remove"  )',
    '(  "md-same", "value - same"  )',
]

[[]]
type = 'table'
tbl_name = 'tiles_with_hash'
sql = '''
CREATE TABLE tiles_with_hash (
             zoom_level integer NOT NULL,
             tile_column integer NOT NULL,
             tile_row integer NOT NULL,
             tile_data blob,
             tile_hash text,
             PRIMARY KEY(zoom_level, tile_column, tile_row))'''
values = [
    '(  6, 0, 0, blob(same), "51037A4A37730F52C8732586D3AAA316"  )',
    '(  6, 0, 1, blob(edit-v1), "EFE0AE5FD114DE99855BC2838BE97E1D"  )',
    '(  6, 1, 4, blob(one-keep-one-remove), "EFC416C7C53A81E7363BE6C1A389131A"  )',
    '(  6, 1, 5, blob(one-keep-one-remove), "EFC416C7C53A81E7363BE6C1A389131A"  )',
]

[[]]
type = 'index'
tbl_name = 'metadata'

[[]]
type = 'index'
tbl_name = 'tiles_with_hash'

[[]]
type = 'view'
tbl_name = 'tiles'
sql = '''
CREATE VIEW tiles AS
             SELECT zoom_level, tile_column, tile_row, tile_data FROM tiles_with_hash'''
