---
source: martin-mbtiles/tests/mbtiles.rs
expression: actual_value
---
[[]]
type = 'table'
tbl_name = 'metadata'
sql = '''
CREATE TABLE metadata (
             name text NOT NULL PRIMARY KEY,
             value text)'''
values = [
    '(  "agg_tiles_hash", "AB9EE21538C1D28BB357ABB3A45BD6BD"  )',
    '(  "agg_tiles_hash_after_apply", "5C90855D70120501451BDD08CA71341A"  )',
    '(  "md-edit", "value - v2"  )',
    '(  "md-new", "value - new"  )',
    '(  "md-remove", NULL  )',
]

[[]]
type = 'table'
tbl_name = 'tiles'
sql = '''
CREATE TABLE tiles (
             zoom_level integer NOT NULL,
             tile_column integer NOT NULL,
             tile_row integer NOT NULL,
             tile_data blob,
             PRIMARY KEY(zoom_level, tile_column, tile_row))'''
values = [
    '(  5, 1, 1, blob(edit-v2)  )',
    '(  5, 2, 2, NULL  )',
    '(  5, 3, 7, blob(new)  )',
    '(  5, 3, 8, blob(new)  )',
    '(  6, 1, 4, blob(edit-v2a)  )',
    '(  6, 2, 6, NULL  )',
]

[[]]
type = 'index'
tbl_name = 'metadata'

[[]]
type = 'index'
tbl_name = 'tiles'
