---
source: e2e-tests/tests/martin_cp.rs
expression: mlt_dump(&v2)
---
layer array_props extent 4096
  id=Some(1) geom=POINT(2048 2048) props=[label=Str(Some("one")), tags=Str(Some("{1,2,3}"))] nested=[doc=Map(Some({"deep": Map(Some({"k": Leaf(I64(Some(1)))})), "kind": Leaf(Str(Some("a"))), "list": List(Some([Leaf(I64(Some(1))), Leaf(I64(Some(2)))])), "rank": Leaf(I64(Some(1))), "score": Leaf(F64(Some(1.5)))}))]
  id=Some(2) geom=POINT(2059 2037) props=[label=Str(Some("two")), tags=Str(None)] nested=[doc=Map(Some({"label": Leaf(Str(Some("from the document"))), "rank": Leaf(I64(Some(-2))), "score": Leaf(F64(Some(3.0)))}))]
