---
source: e2e-tests/tests/mbtiles_inspect.rs
expression: "redact(&dir, &output)"
---
 INFO validate: Integrity check passed mbtiles.file=[TMP]/normalized-dedup-id.mbtiles integrity_check=Quick
 INFO validate: All values in the `tiles` table/view are valid mbtiles.file=[TMP]/normalized-dedup-id.mbtiles
 INFO validate: All tile hashes are valid mbtiles.file=[TMP]/normalized-dedup-id.mbtiles
 INFO validate: agg_tiles_hash has been verified mbtiles.file=[TMP]/normalized-dedup-id.mbtiles agg_tiles_hash=3CE4DB27DDC5A385756CC384CDAFC3D5
