---
source: e2e-tests/tests/mbtiles_diff.rs
expression: "redact(&dir, &applying)"
---
 INFO copy: The patch file [TMP]/patch.mbtiles expects to be applied to a tileset with agg_tiles_hash=84792BF4EE9AEDDC5B1A60E707011FEE, and should result in hash 578FB5BD64746C39E3D344662947FD0D after applying
 INFO copy: Applying patch from [TMP]/patch.mbtiles (flat) to [TMP]/world_cities.mbtiles (flat) into a new file [TMP]/applied.mbtiles (flat) with bin-diff on gzip-ed tiles
 INFO copy: Processing bindiff patches bindiff.cpus=[CPUS]
 INFO copy: Finished processing bindiff tiles bindiff.inserted=0
 INFO copy: Adding a new metadata value agg_tiles_hash mbtiles.file=[TMP]/applied.mbtiles agg_tiles_hash=72D8C992AF67EC97093B0087933FA160
 INFO copy: Skipping agg_tiles_hash_after_apply validation because re-gzip-ing could produce different tile data. Each bindiff-ed tile was still verified with a hash value
