// Jest Snapshot v1, https://jestjs.io/docs/snapshot-testing

exports[`FontCatalog Component matches snapshot for loaded state with mock data 1`] = `
<DocumentFragment>
  <div
    class="space-y-6"
  >
    <div
      class="flex items-center justify-between"
    >
      <div>
        <h2
          class="text-2xl font-bold text-foreground"
        >
          Font Catalog
        </h2>
        <p
          class="text-muted-foreground"
        >
          Preview all available font assets
        </p>
      </div>
      <div
        class="relative"
      >
        <div
          data-testid="search-icon"
        >
          Search
        </div>
        <input
          class="pl-10 w-64 bg-card"
          placeholder="Search fonts..."
          value=""
        />
      </div>
    </div>
    <div
      class="grid grid-cols-1 md:grid-cols-2 lg:grid-cols-3 gap-6"
    >
      <div
        class="hover:shadow-lg transition-shadow"
      >
        <div
          data-testid="card-header"
        >
          <div
            class="flex items-center justify-between"
          >
            <div
              class="flex items-center space-x-2"
            >
              <div
                data-testid="type-icon"
              >
                Type
              </div>
              <div
                class="text-lg"
                data-testid="card-title"
              >
                Noto Sans Bold
              </div>
            </div>
            <span
              class="uppercase"
              data-testid="badge"
              variant="secondary"
            >
              ttf
            </span>
          </div>
          <div
            data-testid="card-description"
          >
            Family: Noto Sans • Style: Bold
          </div>
        </div>
        <div
          data-testid="card-content"
        >
          <div
            class="space-y-4"
          >
            <div
              class="p-3 bg-gray-50 text-gray-900 rounded-lg"
            >
              <p
                class="text-sm font-medium mb-2 text-gray-900"
              >
                Preview:
              </p>
              <div>
                <div>
                  <p
                    class="text-base text-gray-900 blur-sm animate-pulse"
                    style="font-family: Noto Sans; font-weight: 500;"
                  >
                    The quick brown fox jumps over the lazy dog
                  </p>
                </div>
                <div
                  data-testid="tooltip-content"
                >
                  <p>
                    Not currently implemented in the frontend
                  </p>
                </div>
              </div>
            </div>
            <div
              class="space-y-2 text-sm text-muted-foreground"
            >
              <div
                class="flex justify-between"
              >
                <span>
                  Glyph count:
                </span>
                <span>
                  380
                </span>
              </div>
            </div>
            <div
              class="flex space-x-2"
            >
              <button
                class="flex-1 bg-transparent"
                data-testid="copy-link-button"
                link="/font/Noto Sans Bold/{range}"
                variant="outline"
              >
                Copy Link
              </button>
              <div>
                <div>
                  <button
                    class="flex-1 grow"
                    disabled=""
                  >
                    <div
                      data-testid="eye-icon"
                    >
                      Eye
                    </div>
                    Details
                  </button>
                </div>
                <div
                  data-testid="tooltip-content"
                >
                  <p>
                    Not currently implemented in the frontend
                  </p>
                </div>
              </div>
            </div>
          </div>
        </div>
      </div>
      <div
        class="hover:shadow-lg transition-shadow"
      >
        <div
          data-testid="card-header"
        >
          <div
            class="flex items-center justify-between"
          >
            <div
              class="flex items-center space-x-2"
            >
              <div
                data-testid="type-icon"
              >
                Type
              </div>
              <div
                class="text-lg"
                data-testid="card-title"
              >
                Open Sans Regular
              </div>
            </div>
            <span
              class="uppercase"
              data-testid="badge"
              variant="secondary"
            >
              otf
            </span>
          </div>
          <div
            data-testid="card-description"
          >
            Family: Open Sans • Style: Regular
          </div>
        </div>
        <div
          data-testid="card-content"
        >
          <div
            class="space-y-4"
          >
            <div
              class="p-3 bg-gray-50 text-gray-900 rounded-lg"
            >
              <p
                class="text-sm font-medium mb-2 text-gray-900"
              >
                Preview:
              </p>
              <div>
                <div>
                  <p
                    class="text-base text-gray-900 blur-sm animate-pulse"
                    style="font-family: Open Sans; font-weight: 500;"
                  >
                    The quick brown fox jumps over the lazy dog
                  </p>
                </div>
                <div
                  data-testid="tooltip-content"
                >
                  <p>
                    Not currently implemented in the frontend
                  </p>
                </div>
              </div>
            </div>
            <div
              class="space-y-2 text-sm text-muted-foreground"
            >
              <div
                class="flex justify-between"
              >
                <span>
                  Glyph count:
                </span>
                <span>
                  420
                </span>
              </div>
            </div>
            <div
              class="flex space-x-2"
            >
              <button
                class="flex-1 bg-transparent"
                data-testid="copy-link-button"
                link="/font/Open Sans Regular/{range}"
                variant="outline"
              >
                Copy Link
              </button>
              <div>
                <div>
                  <button
                    class="flex-1 grow"
                    disabled=""
                  >
                    <div
                      data-testid="eye-icon"
                    >
                      Eye
                    </div>
                    Details
                  </button>
                </div>
                <div
                  data-testid="tooltip-content"
                >
                  <p>
                    Not currently implemented in the frontend
                  </p>
                </div>
              </div>
            </div>
          </div>
        </div>
      </div>
      <div
        class="hover:shadow-lg transition-shadow"
      >
        <div
          data-testid="card-header"
        >
          <div
            class="flex items-center justify-between"
          >
            <div
              class="flex items-center space-x-2"
            >
              <div
                data-testid="type-icon"
              >
                Type
              </div>
              <div
                class="text-lg"
                data-testid="card-title"
              >
                Roboto Medium
              </div>
            </div>
            <span
              class="uppercase"
              data-testid="badge"
              variant="secondary"
            >
              ttf
            </span>
          </div>
          <div
            data-testid="card-description"
          >
            Family: Roboto • Style: Medium
          </div>
        </div>
        <div
          data-testid="card-content"
        >
          <div
            class="space-y-4"
          >
            <div
              class="p-3 bg-gray-50 text-gray-900 rounded-lg"
            >
              <p
                class="text-sm font-medium mb-2 text-gray-900"
              >
                Preview:
              </p>
              <div>
                <div>
                  <p
                    class="text-base text-gray-900 blur-sm animate-pulse"
                    style="font-family: Roboto; font-weight: 500;"
                  >
                    The quick brown fox jumps over the lazy dog
                  </p>
                </div>
                <div
                  data-testid="tooltip-content"
                >
                  <p>
                    Not currently implemented in the frontend
                  </p>
                </div>
              </div>
            </div>
            <div
              class="space-y-2 text-sm text-muted-foreground"
            >
              <div
                class="flex justify-between"
              >
                <span>
                  Glyph count:
                </span>
                <span>
                  350
                </span>
              </div>
            </div>
            <div
              class="flex space-x-2"
            >
              <button
                class="flex-1 bg-transparent"
                data-testid="copy-link-button"
                link="/font/Roboto Medium/{range}"
                variant="outline"
              >
                Copy Link
              </button>
              <div>
                <div>
                  <button
                    class="flex-1 grow"
                    disabled=""
                  >
                    <div
                      data-testid="eye-icon"
                    >
                      Eye
                    </div>
                    Details
                  </button>
                </div>
                <div
                  data-testid="tooltip-content"
                >
                  <p>
                    Not currently implemented in the frontend
                  </p>
                </div>
              </div>
            </div>
          </div>
        </div>
      </div>
    </div>
  </div>
</DocumentFragment>
`;

exports[`FontCatalog Component matches snapshot for loading state 1`] = `
<DocumentFragment>
  <div
    data-testid="catalog-skeleton"
  >
    <div
      data-testid="skeleton-title"
    >
      Font Catalog
    </div>
    <div
      data-testid="skeleton-description"
    >
      Preview all available font assets
    </div>
  </div>
</DocumentFragment>
`;
