// Jest Snapshot v1, https://jestjs.io/docs/snapshot-testing

exports[`StylesCatalog Component matches snapshot for loaded state with mock data 1`] = `
<DocumentFragment>
  <div
    class="space-y-6"
  >
    <div
      class="flex items-center justify-between"
    >
      <div>
        <h2
          class="text-2xl font-bold text-foreground"
        >
          Styles Catalog
        </h2>
        <p
          class="text-muted-foreground"
        >
          Browse and preview all available map styles and themes
        </p>
      </div>
      <div
        class="relative"
      >
        <div
          data-testid="search-icon"
        >
          Search
        </div>
        <input
          class="pl-10 w-64 bg-card"
          placeholder="Search styles..."
          value=""
        />
      </div>
    </div>
    <div
      class="grid grid-cols-1 md:grid-cols-2 lg:grid-cols-3 gap-6"
    >
      <div
        class="hover:shadow-lg transition-shadow"
      >
        <div
          data-testid="card-header"
        >
          <div
            class="flex items-center justify-between"
          >
            <div
              class="flex items-center space-x-2"
            >
              <div
                data-testid="brush-icon"
              >
                Brush
              </div>
              <div
                class="text-lg"
                data-testid="card-title"
              >
                Basic Style
              </div>
            </div>
            <span
              data-testid="badge"
              variant="secondary"
            >
              vector
            </span>
          </div>
          <div
            data-testid="card-description"
          >
            /styles/basic.json
          </div>
        </div>
        <div
          data-testid="card-content"
        >
          <div
            class="space-y-4"
          >
            <div
              data-testid="maplibre-map"
              style="width: 100%; aspect-ratio: 1.7777777777777777; border-radius: var(--radius); background-image: linear-gradient(to bottom right, var(--tw-gradient-stops)); background-color: rgb(229, 231, 235);"
            />
            <div
              class="space-y-2 text-sm text-muted-foreground"
            >
              <div
                class="flex justify-between"
              >
                <span>
                  Layers:
                </span>
                <span>
                  10
                </span>
              </div>
              <div
                class="flex justify-between"
              >
                <span>
                  Modified:
                </span>
                <span>
                  15/01/2023, 01:00:00
                </span>
              </div>
            </div>
            <div>
              <p
                class="text-sm font-medium mb-2"
              >
                Color Palette:
              </p>
              <div
                class="flex space-x-1"
              >
                <div
                  class="w-6 h-6 rounded border border-gray-200"
                  style="background-color: rgb(255, 87, 51);"
                  title="#FF5733"
                />
                <div
                  class="w-6 h-6 rounded border border-gray-200"
                  style="background-color: rgb(51, 255, 87);"
                  title="#33FF57"
                />
                <div
                  class="w-6 h-6 rounded border border-gray-200"
                  style="background-color: rgb(51, 87, 255);"
                  title="#3357FF"
                />
                <div
                  class="w-6 h-6 rounded border border-gray-200"
                  style="background-color: rgb(243, 255, 51);"
                  title="#F3FF33"
                />
              </div>
            </div>
            <div
              class="flex space-x-2"
            >
              <button
                class="flex-1 bg-transparent"
                data-testid="copy-link-button"
                link="/style/Basic Style"
                variant="outline"
              >
                Copy Link
              </button>
              <div>
                <div
                  data-testid="tooltip-trigger"
                >
                  <button
                    class="flex-1"
                    disabled=""
                  >
                    <div
                      data-testid="eye-icon"
                    >
                      Eye
                    </div>
                    Preview
                  </button>
                </div>
                <div
                  data-testid="tooltip-content"
                >
                  <p>
                    Not currently implemented in the frontend
                  </p>
                </div>
              </div>
            </div>
          </div>
        </div>
      </div>
      <div
        class="hover:shadow-lg transition-shadow"
      >
        <div
          data-testid="card-header"
        >
          <div
            class="flex items-center justify-between"
          >
            <div
              class="flex items-center space-x-2"
            >
              <div
                data-testid="brush-icon"
              >
                Brush
              </div>
              <div
                class="text-lg"
                data-testid="card-title"
              >
                Hybrid Style
              </div>
            </div>
            <span
              data-testid="badge"
              variant="secondary"
            >
              hybrid
            </span>
          </div>
          <div
            data-testid="card-description"
          >
            /styles/hybrid.json
          </div>
        </div>
        <div
          data-testid="card-content"
        >
          <div
            class="space-y-4"
          >
            <div
              data-testid="maplibre-map"
              style="width: 100%; aspect-ratio: 1.7777777777777777; border-radius: var(--radius); background-image: linear-gradient(to bottom right, var(--tw-gradient-stops)); background-color: rgb(229, 231, 235);"
            />
            <div
              class="space-y-2 text-sm text-muted-foreground"
            >
              <div
                class="flex justify-between"
              >
                <span>
                  Version:
                </span>
                <span>
                  abc123
                </span>
              </div>
              <div
                class="flex justify-between"
              >
                <span>
                  Layers:
                </span>
                <span>
                  15
                </span>
              </div>
              <div
                class="flex justify-between"
              >
                <span>
                  Modified:
                </span>
                <span>
                  25/03/2023, 01:00:00
                </span>
              </div>
            </div>
            <div
              class="flex space-x-2"
            >
              <button
                class="flex-1 bg-transparent"
                data-testid="copy-link-button"
                link="/style/Hybrid Style"
                variant="outline"
              >
                Copy Link
              </button>
              <div>
                <div
                  data-testid="tooltip-trigger"
                >
                  <button
                    class="flex-1"
                    disabled=""
                  >
                    <div
                      data-testid="eye-icon"
                    >
                      Eye
                    </div>
                    Preview
                  </button>
                </div>
                <div
                  data-testid="tooltip-content"
                >
                  <p>
                    Not currently implemented in the frontend
                  </p>
                </div>
              </div>
            </div>
          </div>
        </div>
      </div>
      <div
        class="hover:shadow-lg transition-shadow"
      >
        <div
          data-testid="card-header"
        >
          <div
            class="flex items-center justify-between"
          >
            <div
              class="flex items-center space-x-2"
            >
              <div
                data-testid="brush-icon"
              >
                Brush
              </div>
              <div
                class="text-lg"
                data-testid="card-title"
              >
                Satellite Style
              </div>
            </div>
          </div>
          <div
            data-testid="card-description"
          >
            /styles/satellite.json
          </div>
        </div>
        <div
          data-testid="card-content"
        >
          <div
            class="space-y-4"
          >
            <div
              data-testid="maplibre-map"
              style="width: 100%; aspect-ratio: 1.7777777777777777; border-radius: var(--radius); background-image: linear-gradient(to bottom right, var(--tw-gradient-stops)); background-color: rgb(229, 231, 235);"
            />
            <div
              class="space-y-2 text-sm text-muted-foreground"
            />
            <div
              class="flex space-x-2"
            >
              <button
                class="flex-1 bg-transparent"
                data-testid="copy-link-button"
                link="/style/Satellite Style"
                variant="outline"
              >
                Copy Link
              </button>
              <div>
                <div
                  data-testid="tooltip-trigger"
                >
                  <button
                    class="flex-1"
                    disabled=""
                  >
                    <div
                      data-testid="eye-icon"
                    >
                      Eye
                    </div>
                    Preview
                  </button>
                </div>
                <div
                  data-testid="tooltip-content"
                >
                  <p>
                    Not currently implemented in the frontend
                  </p>
                </div>
              </div>
            </div>
          </div>
        </div>
      </div>
    </div>
  </div>
</DocumentFragment>
`;

exports[`StylesCatalog Component matches snapshot for loading state 1`] = `
<DocumentFragment>
  <div
    data-testid="catalog-skeleton"
  >
    <div
      data-testid="skeleton-title"
    >
      Styles Catalog
    </div>
    <div
      data-testid="skeleton-description"
    >
      Preview all available map styles and themes
    </div>
  </div>
</DocumentFragment>
`;
