// Jest Snapshot v1, https://jestjs.io/docs/snapshot-testing

exports[`TilesCatalog Component matches snapshot for loaded state with mock data 1`] = `
<DocumentFragment>
  <div
    class="space-y-6"
  >
    <div
      class="flex items-center justify-between"
    >
      <div>
        <h2
          class="text-2xl font-bold text-foreground"
        >
          Tiles Sources Catalog
        </h2>
        <p
          class="text-muted-foreground"
        >
          Explore all available tile sources
        </p>
      </div>
      <div
        class="relative"
      >
        <div
          data-testid="search-icon"
        >
          Search
        </div>
        <input
          class="pl-10 w-64 bg-card"
          placeholder="Search tiles sources..."
          value=""
        />
      </div>
    </div>
    <div>
      <div
        class="grid grid-cols-1 md:grid-cols-2 lg:grid-cols-3 gap-6"
      >
        <div
          class="hover:shadow-lg transition-shadow"
        >
          <div
            data-testid="card-header"
          >
            <div
              class="flex items-center justify-between"
            >
              <div
                class="flex items-center space-x-2"
              >
                <div
                  data-testid="layers-icon"
                >
                  Layers
                </div>
                <div
                  class="text-lg"
                  data-testid="card-title"
                >
                  source1
                </div>
              </div>
              <span
                data-testid="badge"
                variant="secondary"
              >
                application/x-protobuf
              </span>
            </div>
            <div
              data-testid="card-description"
            >
              Test Source 1
              <br />
              Description for test source 1
            </div>
          </div>
          <div
            data-testid="card-content"
          >
            <div
              class="space-y-2 text-sm text-muted-foreground"
            >
              <div
                class="flex justify-between"
              >
                <span>
                  Layers:
                </span>
                <span>
                  5
                </span>
              </div>
            </div>
            <div
              class="flex space-x-2 mt-4"
            >
              <div>
                <div>
                  <button
                    class="flex-1 bg-transparent"
                    disabled=""
                    variant="outline"
                  >
                    <div
                      data-testid="eye-icon"
                    >
                      Eye
                    </div>
                    Inspect
                  </button>
                </div>
                <div
                  data-testid="tooltip-content"
                >
                  <p>
                    Not currently implemented in the frontend
                  </p>
                </div>
              </div>
              <div>
                <div>
                  <button
                    class="flex-1"
                    disabled=""
                  >
                    <div
                      data-testid="palette-icon"
                    >
                      Palette
                    </div>
                    Style
                  </button>
                </div>
                <div
                  data-testid="tooltip-content"
                >
                  <p>
                    Not currently implemented in the frontend
                  </p>
                </div>
              </div>
            </div>
          </div>
        </div>
        <div
          class="hover:shadow-lg transition-shadow"
        >
          <div
            data-testid="card-header"
          >
            <div
              class="flex items-center justify-between"
            >
              <div
                class="flex items-center space-x-2"
              >
                <div
                  data-testid="image-icon"
                >
                  Image
                </div>
                <div
                  class="text-lg"
                  data-testid="card-title"
                >
                  source2
                </div>
              </div>
              <span
                data-testid="badge"
                variant="secondary"
              >
                image/png
              </span>
            </div>
            <div
              data-testid="card-description"
            >
              Test Source 2
              <br />
              Description for test source 2
            </div>
          </div>
          <div
            data-testid="card-content"
          >
            <div
              class="space-y-2 text-sm text-muted-foreground"
            >
              <div
                class="flex justify-between"
              >
                <span>
                  Layers:
                </span>
                <span>
                  3
                </span>
              </div>
            </div>
            <div
              class="flex space-x-2 mt-4"
            >
              <div>
                <div>
                  <button
                    class="flex-1 bg-transparent"
                    disabled=""
                    variant="outline"
                  >
                    <div
                      data-testid="eye-icon"
                    >
                      Eye
                    </div>
                    Inspect
                  </button>
                </div>
                <div
                  data-testid="tooltip-content"
                >
                  <p>
                    Not currently implemented in the frontend
                  </p>
                </div>
              </div>
              <div>
                <div>
                  <button
                    class="flex-1"
                    disabled=""
                  >
                    <div
                      data-testid="palette-icon"
                    >
                      Palette
                    </div>
                    Style
                  </button>
                </div>
                <div
                  data-testid="tooltip-content"
                >
                  <p>
                    Not currently implemented in the frontend
                  </p>
                </div>
              </div>
            </div>
          </div>
        </div>
        <div
          class="hover:shadow-lg transition-shadow"
        >
          <div
            data-testid="card-header"
          >
            <div
              class="flex items-center justify-between"
            >
              <div
                class="flex items-center space-x-2"
              >
                <div
                  data-testid="database-icon"
                >
                  DB
                </div>
                <div
                  class="text-lg"
                  data-testid="card-title"
                >
                  source3
                </div>
              </div>
              <span
                data-testid="badge"
                variant="secondary"
              >
                application/json
              </span>
            </div>
            <div
              data-testid="card-description"
            >
              Test Source 3
              <br />
              Description for test source 3
            </div>
          </div>
          <div
            data-testid="card-content"
          >
            <div
              class="space-y-2 text-sm text-muted-foreground"
            >
              <div
                class="flex justify-between"
              >
                <span>
                  Layers:
                </span>
                <span>
                  7
                </span>
              </div>
            </div>
            <div
              class="flex space-x-2 mt-4"
            >
              <div>
                <div>
                  <button
                    class="flex-1 bg-transparent"
                    disabled=""
                    variant="outline"
                  >
                    <div
                      data-testid="eye-icon"
                    >
                      Eye
                    </div>
                    Inspect
                  </button>
                </div>
                <div
                  data-testid="tooltip-content"
                >
                  <p>
                    Not currently implemented in the frontend
                  </p>
                </div>
              </div>
              <div>
                <div>
                  <button
                    class="flex-1"
                    disabled=""
                  >
                    <div
                      data-testid="palette-icon"
                    >
                      Palette
                    </div>
                    Style
                  </button>
                </div>
                <div
                  data-testid="tooltip-content"
                >
                  <p>
                    Not currently implemented in the frontend
                  </p>
                </div>
              </div>
            </div>
          </div>
        </div>
      </div>
    </div>
  </div>
</DocumentFragment>
`;

exports[`TilesCatalog Component matches snapshot for loading state 1`] = `
<DocumentFragment>
  <div
    data-testid="catalog-skeleton"
  >
    <div
      data-testid="skeleton-title"
    >
      Tiles Sources Catalog
    </div>
    <div
      data-testid="skeleton-description"
    >
      Explore all available tile sources
    </div>
  </div>
</DocumentFragment>
`;
