---
source: martin/src/tui/tests.rs
expression: "render(&dashboard, started + Duration::from_secs(5))"
---
" Martin v1.15.0  http://127.0.0.1:3000/  up 00:00:05  0 requests  0 error q quit   c clear counters "
"┌ Sources ─────────────────────────────┐┌ Tile requests, last minute ──────────────────────────────┐"
"│source   requests errors avg ms last z││             ⢀⣀⣤⢤⣤⣤⣄⣠⣠⠤⢄⢠⣠⣀⡀  ⢀⣀⣀⡀  ⣀⡀     ⢀⣀⡀            │"
"│                                      ││⣤⡀⣀⠤⠤⢄⣀⣀⣤⣾⣿⣿⣿⣿⣿⣟⣿⡭⣗⠒⣦  ⢀⣠⡾⠁   ⠈⣉⡭⢤⣀⣀⣀⢴⣖⣻⣤⠴⠖⠒⠋⠉⠛⠒⠴⠢⠴⠶⠲⠆⢤⣀⣀⣠│"
"│                                      ││⠉⠙⢿⣧⣴⠤⠤⢤⡀    ⠠⣞⣛⢿⠳⠿⣅⠙⠦⠎⠉ ⠛⠋⢀⣤⠰⣮⣰⣿⠥⠙⠉⠉   ⠉          ⡠⠤⢤⣶⡦⠔⠛│"
"│                                      ││  ⠈    ⠈⠛⡆     ⠈⠃⢠⣶⡾⠧      ⣛⣿⣛⣉⣉⠁⣠⣤⣄⣠⡤            ⣈⣿⡂⠘⠋   │"
"│                                      ││         ⠣⣄    ⢀⡴⠋         ⣺⠶⠗⢻⣛⣻⣿⣿⠉⠘⠛         ⠐⡟⢿⣴⠟      │"
"│                                      ││   ⢤⡀     ⠙⠷⡄⣏⣩⡽⣷⣀⡀       ⡼⠁    ⠁ ⢻⣄⠘⠷⡶⠲⣤ ⢠⢤ ⢀⣤⠴⣏         │"
"│                                      ││            ⠉⠉⠛⢿⣭⢽⠭⣄      ⢧⡀ ⣀     ⠹⢶⠏⠁ ⠘⣼⡁ ⢹⣮⠇⢠⣿⡆        │"
"│                                      ││               ⢀⡞  ⠈⠹⠦⢤⡀   ⠉⠉⠉⢿    ⡴⠊    ⠈  ⠹⣿⣶⣹⣷⣷⣤⣤⣀⣄    │"
"│                                      ││⡀               ⢱⣀    ⢰⠃      ⢨⠇  ⢀⡧⣴⡄       ⠈⠉⠉⢻⠵⢿⣹⡝⠊⠛⢠ ⣀│"
"│                                      ││                 ⢸   ⡔⠋        ⣇ ⢀⡼⠸⠽          ⡎⠁   ⠙⣆ ⠓  │"
"│                                      ││                 ⡞⢀⡴⠊          ⠘⠒⠋             ⠓⠚⠉⠙⠧⣴⠃  ⣰⡦│"
"└──────────────────────────────────────┘│                ⠰⣧⣟⣤                   ⠠⠆           ⠉  ⠘⠋ │"
"┌ Requests per second, last minute ────┐│                 ⠈⣉⣤                ⢀⣀⡀   ⢀⣀⣀⣀⣀⣀⣀⣀⣀⣀⡀     │"
"│                                      ││  ⢀⣀⣀⣠⠤⠤⠤⠤⠤⠤⠶⠶⠶⠦⢦⣾⠯⠇⢀⣀⡀⣀⣀⠤⠴⠒⠒⠒⠛⠋⠑⠚⠉⠉⠉ ⠉⠙⠛⠉⠉⠉⠉  ⠈⠁   ⠉⠉⢙⣶⠆ │"
"│                                      ││⠒⠒⠒⠛⠛⠟⠂         ⠈⠉⠉⠓⠋⠉⠉⠉⠁                             ⠈⠒⠒⠒│"
"└──────────────────────────────────────┘└──────────────────────────────────────────────────────────┘"
"┌ Log   l expand ──────────────────────────────────────────────────────────────────────────────────┐"
"│                                                                                                  │"
"│                                                                                                  │"
"│                                                                                                  │"
"│                                                                                                  │"
"│                                                                                                  │"
"│                                                                                                  │"
"│                                                                                                  │"
"│                                                                                                  │"
"│                                                                                                  │"
"│                                                                                                  │"
"└──────────────────────────────────────────────────────────────────────────────────────────────────┘"
