---
source: martin/src/tui/tests.rs
expression: "render(&dashboard, at(20))"
---
" Martin v1.15.0  http://127.0.0.1:3000/  up 00:00:20  7 requests  1 errors  0.1 req/s               "
"┌ Sources ─────────────────────────────┐┌ Tile requests, last minute ──────────────────────────────┐"
"│source  requests  errors  avg ms   z  ││           ⡀⣀⣀⣤⣤⢤⣤⣤⡤⠤⢤⠤⠤⠠⣤⣄⡀  ⢀⣀⣀⡀  ⣀⡀     ⢀⣀⣀            │"
"│berlin  3         0       9.7      14 ││⣤⣀⣤⡤⠤⠤⠤⠤⠴⠿⢿⣿⣿⣿⢿⣿⣿⡭⣍⡙⣦ ⢀⣀⣠⣾⣁   ⢀⣉⢭⡤⣤⣀⣀⢶⣿⢭⣶⠖⠖⠋⠉⠉⠛⠓⠒⠲⠼⠟⠛⠆⠤⠤⡤⠤│"
"│world   2         1       2.0      5  ││⠉⠉⢛⣷⠶⠒⠲⢤⡀    ⠐⠯⣝⣿⠛⠟⣄⡈⠓⠋  ⠉⠉⣀⣤⣸⣽⣼⡿⠓⠈⠁              ⢀⣔⠒⢶⣶⠗⠒⠉│"
"│munich  1         0       30.0     12 ││       ⠈⠙⡇     ⠈⢁⣰⠿⠟⠓      ⣭⢿⡭⣴⣤⣀⣴⣶⣦⢴⣖          ⣀⣠⠤⣿⠆⠈⠁   │"
"│                                      ││       ⠂ ⠙⢦⣀ ⣠⣤⢤⣞⠁        ⢀⡽⠛⠉⠙⠯⠿⠯⣿ ⢨⣍⡀        ⠈⡯⠻⠞⠋      │"
"│                                      ││   ⠒⠆      ⠋⠦⣷⣴⣞⠿⠶⠤       ⡏       ⠹⣧⣀⡭⠟⠉⢲⢀⡴⠲⣤⡰⡶⠚⣧         │"
"│                                      ││              ⠈⠛⣺⠙⠉⠳⢤⡀    ⠙⠦⠤⠤⣤    ⢈⡹⠃  ⠈⠻⠆ ⢼⣿⣁⣴⣿⣇        │"
"│                                      ││               ⠐⢇   ⠈⠉⢙⡆      ⠙⡄   ⡏⢀       ⠈⠻⠿⠿⣿⢟⣿⢿⢶⡳⢤   │"
"│                                      ││⠃               ⠈⢱   ⣀⡜       ⠘⡇  ⣰⢫⣿⠁         ⡤⠞⠉⠈⠚⠳⡄ ⠼ ⠚│"
"│                                      ││                 ⡼ ⣠⠴⠁         ⠹⠤⠴⠁            ⠧⠤⠒⠦⣄⣀⠏  ⢠⣀│"
"│                                      ││                ⢠⣇⡾⣁                   ⢠⡄           ⠛  ⠰⠟⠁│"
"│                                      ││                 ⠉⢉⣀                              ⢀       │"
"│                                      ││  ⢀⣀⣀⣠⡤⠤⠤⠤⠤⠤⢴⠶⠤⠤⢤⣶⡿⠇ ⣀ ⣀⣀⣀⠤⠖⠒⠒⠒⠒⠒⠒⠛⠚⠉⠉⠉⠹⠗⠊⠉⠉⠉⠉⠉⠉⠉⠉⠉⠉⠉⠛⠒⣶⠆ │"
"│                                      ││⠒⠒⠚⠭⠿⠿⠂         ⠈⠉⠉⠓⠛⠙⠋⠉⠁                             ⠘⠛⠒⠒│"
"│                                      │└──────────────────────────────────────────────────────────┘"
"│                                      │┌ Requests per second, last minute ────────────────────────┐"
"│                                      ││                                        ▂█                │"
"│                                      ││                                        ██▅              ▅│"
"└──────────────────────────────────────┘└──────────────────────────────────────────────────────────┘"
"┌ Log ─────────────────────────────────────────────────────────────────────────────────────────────┐"
"│INFO Starting Martin                                                                              │"
"│WARN Table public.points1 has no spatial index on column geom                                     │"
"│                                                                                                  │"
"│                                                                                                  │"
"│                                                                                                  │"
"│                                                                                                  │"
"└──────────────────────────────────────────────────────────────────────────────────────────────────┘"
" q quit   c clear counters                                                                          "
